Stack top: 3

Stack:
---
0) 240 : TInteger
1) 70 : TInteger
2) null : TNull
---
