Stack top: 1

Stack:
---
0) "Not equal" : TString
---
