Stack top: 1

Stack:
---
0) "Hello World!" : TString
---
