Stack top: 2

Stack:
---
0) "Here's a bad cat: Whiskers" : TString
1) "Here's a good cat: Whiskers" : TString
---
