Stack top: 2

Stack:
---
0) "End" : TString
1) "Right" : TString
---
