Stack top: 6

Stack:
---
0) 1000 : TInteger
1) 1000 : TInteger
2) 1000 : TInteger
3) "This is a test string" : TString
4) "This is a test string" : TString
5) "This is a test string" : TString
---
