Stack top: 7

Stack:
---
0) 50 : TInteger
1) 2 : TInteger
2) 7.000000 : TNumber
3) 5 : TInteger
4) -2.020000 : TNumber
5) 20 : TInteger
6) 5 : TInteger
---
