Void function
First arg: test
First arg: null
First arg: test
First arg: test
Second arg: test2
testtest2
test3
test
asd
0
1
2
null
true
