##/??
##/??.ms
##/??.mbc
##/??/index.ms
##/??/index.mbc
$$/mel_seeds/??.ms
$$/mel_seeds/??.mbc
$$/mel_seeds/??/index.ms
$$/mel_seeds/??/index.mbc
$$/mel_seeds/??
??
Should only print once!
Cool Module!
Cool Module!
This is a side-effect
This is a side-effect
module_obj.ms
Submodule found
Number of cached modules:
3
module_obj.mbc
Submodule found
Importing: modules/test_module
Should only print once!
Importing: modules/test_module
Importing: modules/cache
Importing: modules/././cache
This value was cached
Importing: modules/cached_user
Importing: ./cache
This value was cached
Another cached value
