16777216
0
1
16777216
2.000000000
10 < 5 + 6
5
6
7
8
9
