97
115
100
33
!dsa
Hash matched.
A
null
10
0
20
null
This is a correct string
This is a correct string
This is a test string
This is a test string
Those are some test string
This is a test string
Thizz izz a tezzt zztring
This is a string
true
true
true



UPPER CASE
lower case
Capitalize case
''
''
''
'asdasd'
'asdasd'
Hello World
Hello World
Hello           World
Pointer works
Hex: a
Hex: A
Padded number: 000000000000010
Float precision: 1.12
Padded float: 000000000003.14
d
a
asd
sd
a.b.c
["a","b","c"]
abcd.abcde.abcdefgh.abcdefghijk
["abcd","abcde","abcdefgh","abcdefghijk"]
.
[]

[]
...
[]
...abc..
["abc"]
...abc..
["abc"]
abc
["abc"]
.abc.
["abc"]
a@.@b@.@c@.@d
["a","@b","@c","@d"]
a@@@b@@@c@@@d
["a","@b","@c","@d"]
a@@b@@c@@d
["a","b","c","d"]
ajklhbjklhcjklhd
["a","b","c","d"]
